

================================================================
== Vitis HLS Report for 'fft_Pipeline_1'
================================================================
* Date:           Fri Dec 13 11:23:14 2024

* Version:        2022.2 (Build 3670227 on Oct 13 2022)
* Project:        hls
* Solution:       solution1 (Vivado IP Flow Target)
* Product family: zynq
* Target device:  xc7z020-clg400-1


================================================================
== Performance Estimates
================================================================
+ Timing: 
    * Summary: 
    +--------+----------+----------+------------+
    |  Clock |  Target  | Estimated| Uncertainty|
    +--------+----------+----------+------------+
    |ap_clk  |  10.00 ns|  7.300 ns|     2.70 ns|
    +--------+----------+----------+------------+

+ Latency: 
    * Summary: 
    +---------+---------+-----------+-----------+------+------+---------+
    |  Latency (cycles) |   Latency (absolute)  |   Interval  | Pipeline|
    |   min   |   max   |    min    |    max    |  min |  max |   Type  |
    +---------+---------+-----------+-----------+------+------+---------+
    |     1027|     1027|  10.270 us|  10.270 us|  1027|  1027|       no|
    +---------+---------+-----------+-----------+------+------+---------+

    + Detail: 
        * Instance: 
        N/A

        * Loop: 
        +----------+---------+---------+----------+-----------+-----------+------+----------+
        |          |  Latency (cycles) | Iteration|  Initiation Interval  | Trip |          |
        | Loop Name|   min   |   max   |  Latency |  achieved |   target  | Count| Pipelined|
        +----------+---------+---------+----------+-----------+-----------+------+----------+
        |- Loop 1  |     1025|     1025|         3|          1|          1|  1024|       yes|
        +----------+---------+---------+----------+-----------+-----------+------+----------+



================================================================
== Utilization Estimates
================================================================
* Summary: 
+-----------------+---------+-----+--------+-------+-----+
|       Name      | BRAM_18K| DSP |   FF   |  LUT  | URAM|
+-----------------+---------+-----+--------+-------+-----+
|DSP              |        -|    -|       -|      -|    -|
|Expression       |        -|    -|       0|     30|    -|
|FIFO             |        -|    -|       -|      -|    -|
|Instance         |        -|    -|       -|      -|    -|
|Memory           |        -|    -|       -|      -|    -|
|Multiplexer      |        -|    -|       -|     45|    -|
|Register         |        -|    -|      69|      -|    -|
+-----------------+---------+-----+--------+-------+-----+
|Total            |        0|    0|      69|     75|    0|
+-----------------+---------+-----+--------+-------+-----+
|Available        |      280|  220|  106400|  53200|    0|
+-----------------+---------+-----+--------+-------+-----+
|Utilization (%)  |        0|    0|      ~0|     ~0|    0|
+-----------------+---------+-----+--------+-------+-----+

+ Detail: 
    * Instance: 
    N/A

    * DSP: 
    N/A

    * Memory: 
    N/A

    * FIFO: 
    N/A

    * Expression: 
    +----------------------------------+----------+----+---+----+------------+------------+
    |           Variable Name          | Operation| DSP| FF| LUT| Bitwidth P0| Bitwidth P1|
    +----------------------------------+----------+----+---+----+------------+------------+
    |empty_43_fu_111_p2                |         +|   0|  0|  12|          11|           1|
    |ap_block_pp0_stage0_11001         |       and|   0|  0|   2|           1|           1|
    |ap_block_state2_pp0_stage0_iter1  |       and|   0|  0|   2|           1|           1|
    |exitcond14119_fu_105_p2           |      icmp|   0|  0|  12|          11|          12|
    |ap_enable_pp0                     |       xor|   0|  0|   2|           1|           2|
    +----------------------------------+----------+----+---+----+------------+------------+
    |Total                             |          |   0|  0|  30|          25|          17|
    +----------------------------------+----------+----+---+----+------------+------------+

    * Multiplexer: 
    +-----------------------------------+----+-----------+-----+-----------+
    |                Name               | LUT| Input Size| Bits| Total Bits|
    +-----------------------------------+----+-----------+-----+-----------+
    |ap_done_int                        |   9|          2|    1|          2|
    |ap_enable_reg_pp0_iter2            |   9|          2|    1|          2|
    |ap_sig_allocacmp_loop_index9_load  |   9|          2|   11|         22|
    |input1_blk_n_R                     |   9|          2|    1|          2|
    |loop_index9_fu_52                  |   9|          2|   11|         22|
    +-----------------------------------+----+-----------+-----+-----------+
    |Total                              |  45|         10|   25|         50|
    +-----------------------------------+----+-----------+-----+-----------+

    * Register: 
    +----------------------------------+----+----+-----+-----------+
    |               Name               | FF | LUT| Bits| Const Bits|
    +----------------------------------+----+----+-----+-----------+
    |ap_CS_fsm                         |   1|   0|    1|          0|
    |ap_done_reg                       |   1|   0|    1|          0|
    |ap_enable_reg_pp0_iter1           |   1|   0|    1|          0|
    |ap_enable_reg_pp0_iter2           |   1|   0|    1|          0|
    |ap_loop_exit_ready_pp0_iter1_reg  |   1|   0|    1|          0|
    |empty_44_reg_176                  |  32|   0|   32|          0|
    |empty_45_reg_172                  |   1|   0|    1|          0|
    |empty_45_reg_172_pp0_iter1_reg    |   1|   0|    1|          0|
    |exitcond14119_reg_163             |   1|   0|    1|          0|
    |loop_index9_fu_52                 |  11|   0|   11|          0|
    |tmp_5_reg_167                     |   9|   0|    9|          0|
    |tmp_5_reg_167_pp0_iter1_reg       |   9|   0|    9|          0|
    +----------------------------------+----+----+-----+-----------+
    |Total                             |  69|   0|   69|          0|
    +----------------------------------+----+----+-----+-----------+



================================================================
== Interface
================================================================
* Summary: 
+-----------------------+-----+-----+------------+----------------+--------------+
|       RTL Ports       | Dir | Bits|  Protocol  |  Source Object |    C Type    |
+-----------------------+-----+-----+------------+----------------+--------------+
|ap_clk                 |   in|    1|  ap_ctrl_hs|  fft_Pipeline_1|  return value|
|ap_rst                 |   in|    1|  ap_ctrl_hs|  fft_Pipeline_1|  return value|
|ap_start               |   in|    1|  ap_ctrl_hs|  fft_Pipeline_1|  return value|
|ap_done                |  out|    1|  ap_ctrl_hs|  fft_Pipeline_1|  return value|
|ap_idle                |  out|    1|  ap_ctrl_hs|  fft_Pipeline_1|  return value|
|ap_ready               |  out|    1|  ap_ctrl_hs|  fft_Pipeline_1|  return value|
|m_axi_input1_AWVALID   |  out|    1|       m_axi|          input1|       pointer|
|m_axi_input1_AWREADY   |   in|    1|       m_axi|          input1|       pointer|
|m_axi_input1_AWADDR    |  out|   32|       m_axi|          input1|       pointer|
|m_axi_input1_AWID      |  out|    1|       m_axi|          input1|       pointer|
|m_axi_input1_AWLEN     |  out|   32|       m_axi|          input1|       pointer|
|m_axi_input1_AWSIZE    |  out|    3|       m_axi|          input1|       pointer|
|m_axi_input1_AWBURST   |  out|    2|       m_axi|          input1|       pointer|
|m_axi_input1_AWLOCK    |  out|    2|       m_axi|          input1|       pointer|
|m_axi_input1_AWCACHE   |  out|    4|       m_axi|          input1|       pointer|
|m_axi_input1_AWPROT    |  out|    3|       m_axi|          input1|       pointer|
|m_axi_input1_AWQOS     |  out|    4|       m_axi|          input1|       pointer|
|m_axi_input1_AWREGION  |  out|    4|       m_axi|          input1|       pointer|
|m_axi_input1_AWUSER    |  out|    1|       m_axi|          input1|       pointer|
|m_axi_input1_WVALID    |  out|    1|       m_axi|          input1|       pointer|
|m_axi_input1_WREADY    |   in|    1|       m_axi|          input1|       pointer|
|m_axi_input1_WDATA     |  out|   32|       m_axi|          input1|       pointer|
|m_axi_input1_WSTRB     |  out|    4|       m_axi|          input1|       pointer|
|m_axi_input1_WLAST     |  out|    1|       m_axi|          input1|       pointer|
|m_axi_input1_WID       |  out|    1|       m_axi|          input1|       pointer|
|m_axi_input1_WUSER     |  out|    1|       m_axi|          input1|       pointer|
|m_axi_input1_ARVALID   |  out|    1|       m_axi|          input1|       pointer|
|m_axi_input1_ARREADY   |   in|    1|       m_axi|          input1|       pointer|
|m_axi_input1_ARADDR    |  out|   32|       m_axi|          input1|       pointer|
|m_axi_input1_ARID      |  out|    1|       m_axi|          input1|       pointer|
|m_axi_input1_ARLEN     |  out|   32|       m_axi|          input1|       pointer|
|m_axi_input1_ARSIZE    |  out|    3|       m_axi|          input1|       pointer|
|m_axi_input1_ARBURST   |  out|    2|       m_axi|          input1|       pointer|
|m_axi_input1_ARLOCK    |  out|    2|       m_axi|          input1|       pointer|
|m_axi_input1_ARCACHE   |  out|    4|       m_axi|          input1|       pointer|
|m_axi_input1_ARPROT    |  out|    3|       m_axi|          input1|       pointer|
|m_axi_input1_ARQOS     |  out|    4|       m_axi|          input1|       pointer|
|m_axi_input1_ARREGION  |  out|    4|       m_axi|          input1|       pointer|
|m_axi_input1_ARUSER    |  out|    1|       m_axi|          input1|       pointer|
|m_axi_input1_RVALID    |   in|    1|       m_axi|          input1|       pointer|
|m_axi_input1_RREADY    |  out|    1|       m_axi|          input1|       pointer|
|m_axi_input1_RDATA     |   in|   32|       m_axi|          input1|       pointer|
|m_axi_input1_RLAST     |   in|    1|       m_axi|          input1|       pointer|
|m_axi_input1_RID       |   in|    1|       m_axi|          input1|       pointer|
|m_axi_input1_RFIFONUM  |   in|    9|       m_axi|          input1|       pointer|
|m_axi_input1_RUSER     |   in|    1|       m_axi|          input1|       pointer|
|m_axi_input1_RRESP     |   in|    2|       m_axi|          input1|       pointer|
|m_axi_input1_BVALID    |   in|    1|       m_axi|          input1|       pointer|
|m_axi_input1_BREADY    |  out|    1|       m_axi|          input1|       pointer|
|m_axi_input1_BRESP     |   in|    2|       m_axi|          input1|       pointer|
|m_axi_input1_BID       |   in|    1|       m_axi|          input1|       pointer|
|m_axi_input1_BUSER     |   in|    1|       m_axi|          input1|       pointer|
|sext_ln73              |   in|   30|     ap_none|       sext_ln73|        scalar|
|in_R_address0          |  out|    9|   ap_memory|            in_R|         array|
|in_R_ce0               |  out|    1|   ap_memory|            in_R|         array|
|in_R_we0               |  out|    1|   ap_memory|            in_R|         array|
|in_R_d0                |  out|   32|   ap_memory|            in_R|         array|
|in_R_1_address0        |  out|    9|   ap_memory|          in_R_1|         array|
|in_R_1_ce0             |  out|    1|   ap_memory|          in_R_1|         array|
|in_R_1_we0             |  out|    1|   ap_memory|          in_R_1|         array|
|in_R_1_d0              |  out|   32|   ap_memory|          in_R_1|         array|
+-----------------------+-----+-----+------------+----------------+--------------+

