

================================================================
== Vitis HLS Report for 'fft_Pipeline_last_stage_loop'
================================================================
* Date:           Fri Dec 13 11:23:16 2024

* Version:        2022.2 (Build 3670227 on Oct 13 2022)
* Project:        hls
* Solution:       solution1 (Vivado IP Flow Target)
* Product family: zynq
* Target device:  xc7z020-clg400-1


================================================================
== Performance Estimates
================================================================
+ Timing: 
    * Summary: 
    +--------+----------+----------+------------+
    |  Clock |  Target  | Estimated| Uncertainty|
    +--------+----------+----------+------------+
    |ap_clk  |  10.00 ns|  7.256 ns|     2.70 ns|
    +--------+----------+----------+------------+

+ Latency: 
    * Summary: 
    +---------+---------+----------+----------+-----+-----+---------+
    |  Latency (cycles) |  Latency (absolute) |  Interval | Pipeline|
    |   min   |   max   |    min   |    max   | min | max |   Type  |
    +---------+---------+----------+----------+-----+-----+---------+
    |      529|      529|  5.290 us|  5.290 us|  529|  529|       no|
    +---------+---------+----------+----------+-----+-----+---------+

    + Detail: 
        * Instance: 
        N/A

        * Loop: 
        +-------------------+---------+---------+----------+-----------+-----------+------+----------+
        |                   |  Latency (cycles) | Iteration|  Initiation Interval  | Trip |          |
        |     Loop Name     |   min   |   max   |  Latency |  achieved |   target  | Count| Pipelined|
        +-------------------+---------+---------+----------+-----------+-----------+------+----------+
        |- last_stage_loop  |      527|      527|        17|          1|          1|   512|       yes|
        +-------------------+---------+---------+----------+-----------+-----------+------+----------+



================================================================
== Utilization Estimates
================================================================
* Summary: 
+-----------------+---------+-----+--------+-------+-----+
|       Name      | BRAM_18K| DSP |   FF   |  LUT  | URAM|
+-----------------+---------+-----+--------+-------+-----+
|DSP              |        -|    -|       -|      -|    -|
|Expression       |        -|    -|       0|     26|    -|
|FIFO             |        -|    -|       -|      -|    -|
|Instance         |        -|    -|       0|     36|    -|
|Memory           |        -|    -|       -|      -|    -|
|Multiplexer      |        -|    -|       -|     36|    -|
|Register         |        -|    -|     836|    128|    -|
+-----------------+---------+-----+--------+-------+-----+
|Total            |        0|    0|     836|    226|    0|
+-----------------+---------+-----+--------+-------+-----+
|Available        |      280|  220|  106400|  53200|    0|
+-----------------+---------+-----+--------+-------+-----+
|Utilization (%)  |        0|    0|      ~0|     ~0|    0|
+-----------------+---------+-----+--------+-------+-----+

+ Detail: 
    * Instance: 
    +--------------------+---------------+---------+----+---+----+-----+
    |      Instance      |     Module    | BRAM_18K| DSP| FF| LUT| URAM|
    +--------------------+---------------+---------+----+---+----+-----+
    |mux_21_32_1_1_U228  |mux_21_32_1_1  |        0|   0|  0|   9|    0|
    |mux_21_32_1_1_U229  |mux_21_32_1_1  |        0|   0|  0|   9|    0|
    |mux_21_32_1_1_U230  |mux_21_32_1_1  |        0|   0|  0|   9|    0|
    |mux_21_32_1_1_U231  |mux_21_32_1_1  |        0|   0|  0|   9|    0|
    +--------------------+---------------+---------+----+---+----+-----+
    |Total               |               |        0|   0|  0|  36|    0|
    +--------------------+---------------+---------+----+---+----+-----+

    * DSP: 
    N/A

    * Memory: 
    N/A

    * FIFO: 
    N/A

    * Expression: 
    +----------------------+----------+----+---+----+------------+------------+
    |     Variable Name    | Operation| DSP| FF| LUT| Bitwidth P0| Bitwidth P1|
    +----------------------+----------+----+---+----+------------+------------+
    |add_ln432_fu_338_p2   |         +|   0|  0|  13|          10|           1|
    |icmp_ln432_fu_332_p2  |      icmp|   0|  0|  11|          10|          11|
    |ap_enable_pp0         |       xor|   0|  0|   2|           1|           2|
    +----------------------+----------+----+---+----+------------+------------+
    |Total                 |          |   0|  0|  26|          21|          14|
    +----------------------+----------+----+---+----+------------+------------+

    * Multiplexer: 
    +-------------------------+----+-----------+-----+-----------+
    |           Name          | LUT| Input Size| Bits| Total Bits|
    +-------------------------+----+-----------+-----+-----------+
    |ap_done_int              |   9|          2|    1|          2|
    |ap_enable_reg_pp0_iter1  |   9|          2|    1|          2|
    |ap_sig_allocacmp_i       |   9|          2|   10|         20|
    |j_fu_54                  |   9|          2|   10|         20|
    +-------------------------+----+-----------+-----+-----------+
    |Total                    |  36|          8|   22|         44|
    +-------------------------+----+-----------+-----+-----------+

    * Register: 
    +-----------------------------------+----+----+-----+-----------+
    |                Name               | FF | LUT| Bits| Const Bits|
    +-----------------------------------+----+----+-----+-----------+
    |add22_i_reg_602                    |  32|   0|   32|          0|
    |add25_i_reg_608                    |  32|   0|   32|          0|
    |ap_CS_fsm                          |   1|   0|    1|          0|
    |ap_done_reg                        |   1|   0|    1|          0|
    |ap_enable_reg_pp0_iter1            |   1|   0|    1|          0|
    |ap_enable_reg_pp0_iter10           |   1|   0|    1|          0|
    |ap_enable_reg_pp0_iter11           |   1|   0|    1|          0|
    |ap_enable_reg_pp0_iter12           |   1|   0|    1|          0|
    |ap_enable_reg_pp0_iter13           |   1|   0|    1|          0|
    |ap_enable_reg_pp0_iter14           |   1|   0|    1|          0|
    |ap_enable_reg_pp0_iter15           |   1|   0|    1|          0|
    |ap_enable_reg_pp0_iter16           |   1|   0|    1|          0|
    |ap_enable_reg_pp0_iter2            |   1|   0|    1|          0|
    |ap_enable_reg_pp0_iter3            |   1|   0|    1|          0|
    |ap_enable_reg_pp0_iter4            |   1|   0|    1|          0|
    |ap_enable_reg_pp0_iter5            |   1|   0|    1|          0|
    |ap_enable_reg_pp0_iter6            |   1|   0|    1|          0|
    |ap_enable_reg_pp0_iter7            |   1|   0|    1|          0|
    |ap_enable_reg_pp0_iter8            |   1|   0|    1|          0|
    |ap_enable_reg_pp0_iter9            |   1|   0|    1|          0|
    |ap_loop_exit_ready_pp0_iter10_reg  |   1|   0|    1|          0|
    |ap_loop_exit_ready_pp0_iter11_reg  |   1|   0|    1|          0|
    |ap_loop_exit_ready_pp0_iter12_reg  |   1|   0|    1|          0|
    |ap_loop_exit_ready_pp0_iter13_reg  |   1|   0|    1|          0|
    |ap_loop_exit_ready_pp0_iter14_reg  |   1|   0|    1|          0|
    |ap_loop_exit_ready_pp0_iter15_reg  |   1|   0|    1|          0|
    |ap_loop_exit_ready_pp0_iter1_reg   |   1|   0|    1|          0|
    |ap_loop_exit_ready_pp0_iter2_reg   |   1|   0|    1|          0|
    |ap_loop_exit_ready_pp0_iter3_reg   |   1|   0|    1|          0|
    |ap_loop_exit_ready_pp0_iter4_reg   |   1|   0|    1|          0|
    |ap_loop_exit_ready_pp0_iter5_reg   |   1|   0|    1|          0|
    |ap_loop_exit_ready_pp0_iter6_reg   |   1|   0|    1|          0|
    |ap_loop_exit_ready_pp0_iter7_reg   |   1|   0|    1|          0|
    |ap_loop_exit_ready_pp0_iter8_reg   |   1|   0|    1|          0|
    |ap_loop_exit_ready_pp0_iter9_reg   |   1|   0|    1|          0|
    |c_twiddle_reg_494                  |  32|   0|   32|          0|
    |in_I_lower_reg_512                 |  32|   0|   32|          0|
    |in_I_reg_572                       |  32|   0|   32|          0|
    |in_R_lower_reg_506                 |  32|   0|   32|          0|
    |in_R_reg_566                       |  32|   0|   32|          0|
    |j_fu_54                            |  10|   0|   10|          0|
    |lshr_ln_reg_453                    |   8|   0|    8|          0|
    |mul12_i_reg_523                    |  32|   0|   32|          0|
    |mul13_i_reg_528                    |  32|   0|   32|          0|
    |mul14_i_reg_533                    |  32|   0|   32|          0|
    |mul_i1_reg_518                     |  32|   0|   32|          0|
    |s_twiddle_reg_500                  |  32|   0|   32|          0|
    |sub16_i_reg_590                    |  32|   0|   32|          0|
    |sub19_i_reg_596                    |  32|   0|   32|          0|
    |temp_I_reg_584                     |  32|   0|   32|          0|
    |temp_R_reg_578                     |  32|   0|   32|          0|
    |trunc_ln441_reg_458                |   1|   0|    1|          0|
    |zext_ln441_reg_538                 |   8|   0|   32|         24|
    |zext_ln443_reg_466                 |   8|   0|   32|         24|
    |lshr_ln_reg_453                    |  64|  32|    8|          0|
    |trunc_ln441_reg_458                |  64|  32|    1|          0|
    |zext_ln441_reg_538                 |  64|  32|   32|         24|
    |zext_ln443_reg_466                 |  64|  32|   32|         24|
    +-----------------------------------+----+----+-----+-----------+
    |Total                              | 836| 128|  701|         96|
    +-----------------------------------+----+----+-----+-----------+



================================================================
== Interface
================================================================
* Summary: 
+---------------------+-----+-----+------------+------------------------------+--------------+
|      RTL Ports      | Dir | Bits|  Protocol  |         Source Object        |    C Type    |
+---------------------+-----+-----+------------+------------------------------+--------------+
|ap_clk               |   in|    1|  ap_ctrl_hs|  fft_Pipeline_last_stage_loop|  return value|
|ap_rst               |   in|    1|  ap_ctrl_hs|  fft_Pipeline_last_stage_loop|  return value|
|ap_start             |   in|    1|  ap_ctrl_hs|  fft_Pipeline_last_stage_loop|  return value|
|ap_done              |  out|    1|  ap_ctrl_hs|  fft_Pipeline_last_stage_loop|  return value|
|ap_idle              |  out|    1|  ap_ctrl_hs|  fft_Pipeline_last_stage_loop|  return value|
|ap_ready             |  out|    1|  ap_ctrl_hs|  fft_Pipeline_last_stage_loop|  return value|
|grp_fu_670_p_din0    |  out|   32|  ap_ctrl_hs|  fft_Pipeline_last_stage_loop|  return value|
|grp_fu_670_p_din1    |  out|   32|  ap_ctrl_hs|  fft_Pipeline_last_stage_loop|  return value|
|grp_fu_670_p_opcode  |  out|    2|  ap_ctrl_hs|  fft_Pipeline_last_stage_loop|  return value|
|grp_fu_670_p_dout0   |   in|   32|  ap_ctrl_hs|  fft_Pipeline_last_stage_loop|  return value|
|grp_fu_670_p_ce      |  out|    1|  ap_ctrl_hs|  fft_Pipeline_last_stage_loop|  return value|
|grp_fu_674_p_din0    |  out|   32|  ap_ctrl_hs|  fft_Pipeline_last_stage_loop|  return value|
|grp_fu_674_p_din1    |  out|   32|  ap_ctrl_hs|  fft_Pipeline_last_stage_loop|  return value|
|grp_fu_674_p_opcode  |  out|    2|  ap_ctrl_hs|  fft_Pipeline_last_stage_loop|  return value|
|grp_fu_674_p_dout0   |   in|   32|  ap_ctrl_hs|  fft_Pipeline_last_stage_loop|  return value|
|grp_fu_674_p_ce      |  out|    1|  ap_ctrl_hs|  fft_Pipeline_last_stage_loop|  return value|
|grp_fu_678_p_din0    |  out|   32|  ap_ctrl_hs|  fft_Pipeline_last_stage_loop|  return value|
|grp_fu_678_p_din1    |  out|   32|  ap_ctrl_hs|  fft_Pipeline_last_stage_loop|  return value|
|grp_fu_678_p_opcode  |  out|    2|  ap_ctrl_hs|  fft_Pipeline_last_stage_loop|  return value|
|grp_fu_678_p_dout0   |   in|   32|  ap_ctrl_hs|  fft_Pipeline_last_stage_loop|  return value|
|grp_fu_678_p_ce      |  out|    1|  ap_ctrl_hs|  fft_Pipeline_last_stage_loop|  return value|
|grp_fu_682_p_din0    |  out|   32|  ap_ctrl_hs|  fft_Pipeline_last_stage_loop|  return value|
|grp_fu_682_p_din1    |  out|   32|  ap_ctrl_hs|  fft_Pipeline_last_stage_loop|  return value|
|grp_fu_682_p_opcode  |  out|    2|  ap_ctrl_hs|  fft_Pipeline_last_stage_loop|  return value|
|grp_fu_682_p_dout0   |   in|   32|  ap_ctrl_hs|  fft_Pipeline_last_stage_loop|  return value|
|grp_fu_682_p_ce      |  out|    1|  ap_ctrl_hs|  fft_Pipeline_last_stage_loop|  return value|
|grp_fu_686_p_din0    |  out|   32|  ap_ctrl_hs|  fft_Pipeline_last_stage_loop|  return value|
|grp_fu_686_p_din1    |  out|   32|  ap_ctrl_hs|  fft_Pipeline_last_stage_loop|  return value|
|grp_fu_686_p_opcode  |  out|    2|  ap_ctrl_hs|  fft_Pipeline_last_stage_loop|  return value|
|grp_fu_686_p_dout0   |   in|   32|  ap_ctrl_hs|  fft_Pipeline_last_stage_loop|  return value|
|grp_fu_686_p_ce      |  out|    1|  ap_ctrl_hs|  fft_Pipeline_last_stage_loop|  return value|
|grp_fu_690_p_din0    |  out|   32|  ap_ctrl_hs|  fft_Pipeline_last_stage_loop|  return value|
|grp_fu_690_p_din1    |  out|   32|  ap_ctrl_hs|  fft_Pipeline_last_stage_loop|  return value|
|grp_fu_690_p_opcode  |  out|    2|  ap_ctrl_hs|  fft_Pipeline_last_stage_loop|  return value|
|grp_fu_690_p_dout0   |   in|   32|  ap_ctrl_hs|  fft_Pipeline_last_stage_loop|  return value|
|grp_fu_690_p_ce      |  out|    1|  ap_ctrl_hs|  fft_Pipeline_last_stage_loop|  return value|
|grp_fu_694_p_din0    |  out|   32|  ap_ctrl_hs|  fft_Pipeline_last_stage_loop|  return value|
|grp_fu_694_p_din1    |  out|   32|  ap_ctrl_hs|  fft_Pipeline_last_stage_loop|  return value|
|grp_fu_694_p_dout0   |   in|   32|  ap_ctrl_hs|  fft_Pipeline_last_stage_loop|  return value|
|grp_fu_694_p_ce      |  out|    1|  ap_ctrl_hs|  fft_Pipeline_last_stage_loop|  return value|
|grp_fu_698_p_din0    |  out|   32|  ap_ctrl_hs|  fft_Pipeline_last_stage_loop|  return value|
|grp_fu_698_p_din1    |  out|   32|  ap_ctrl_hs|  fft_Pipeline_last_stage_loop|  return value|
|grp_fu_698_p_dout0   |   in|   32|  ap_ctrl_hs|  fft_Pipeline_last_stage_loop|  return value|
|grp_fu_698_p_ce      |  out|    1|  ap_ctrl_hs|  fft_Pipeline_last_stage_loop|  return value|
|grp_fu_702_p_din0    |  out|   32|  ap_ctrl_hs|  fft_Pipeline_last_stage_loop|  return value|
|grp_fu_702_p_din1    |  out|   32|  ap_ctrl_hs|  fft_Pipeline_last_stage_loop|  return value|
|grp_fu_702_p_dout0   |   in|   32|  ap_ctrl_hs|  fft_Pipeline_last_stage_loop|  return value|
|grp_fu_702_p_ce      |  out|    1|  ap_ctrl_hs|  fft_Pipeline_last_stage_loop|  return value|
|grp_fu_706_p_din0    |  out|   32|  ap_ctrl_hs|  fft_Pipeline_last_stage_loop|  return value|
|grp_fu_706_p_din1    |  out|   32|  ap_ctrl_hs|  fft_Pipeline_last_stage_loop|  return value|
|grp_fu_706_p_dout0   |   in|   32|  ap_ctrl_hs|  fft_Pipeline_last_stage_loop|  return value|
|grp_fu_706_p_ce      |  out|    1|  ap_ctrl_hs|  fft_Pipeline_last_stage_loop|  return value|
|buf_o_I_1_address0   |  out|    9|   ap_memory|                     buf_o_I_1|         array|
|buf_o_I_1_ce0        |  out|    1|   ap_memory|                     buf_o_I_1|         array|
|buf_o_I_1_we0        |  out|    1|   ap_memory|                     buf_o_I_1|         array|
|buf_o_I_1_d0         |  out|   32|   ap_memory|                     buf_o_I_1|         array|
|buf_o_I_1_address1   |  out|    9|   ap_memory|                     buf_o_I_1|         array|
|buf_o_I_1_ce1        |  out|    1|   ap_memory|                     buf_o_I_1|         array|
|buf_o_I_1_we1        |  out|    1|   ap_memory|                     buf_o_I_1|         array|
|buf_o_I_1_d1         |  out|   32|   ap_memory|                     buf_o_I_1|         array|
|buf_o_I_address0     |  out|    9|   ap_memory|                       buf_o_I|         array|
|buf_o_I_ce0          |  out|    1|   ap_memory|                       buf_o_I|         array|
|buf_o_I_we0          |  out|    1|   ap_memory|                       buf_o_I|         array|
|buf_o_I_d0           |  out|   32|   ap_memory|                       buf_o_I|         array|
|buf_o_I_address1     |  out|    9|   ap_memory|                       buf_o_I|         array|
|buf_o_I_ce1          |  out|    1|   ap_memory|                       buf_o_I|         array|
|buf_o_I_we1          |  out|    1|   ap_memory|                       buf_o_I|         array|
|buf_o_I_d1           |  out|   32|   ap_memory|                       buf_o_I|         array|
|buf_o_R_1_address0   |  out|    9|   ap_memory|                     buf_o_R_1|         array|
|buf_o_R_1_ce0        |  out|    1|   ap_memory|                     buf_o_R_1|         array|
|buf_o_R_1_we0        |  out|    1|   ap_memory|                     buf_o_R_1|         array|
|buf_o_R_1_d0         |  out|   32|   ap_memory|                     buf_o_R_1|         array|
|buf_o_R_1_address1   |  out|    9|   ap_memory|                     buf_o_R_1|         array|
|buf_o_R_1_ce1        |  out|    1|   ap_memory|                     buf_o_R_1|         array|
|buf_o_R_1_we1        |  out|    1|   ap_memory|                     buf_o_R_1|         array|
|buf_o_R_1_d1         |  out|   32|   ap_memory|                     buf_o_R_1|         array|
|buf_o_R_address0     |  out|    9|   ap_memory|                       buf_o_R|         array|
|buf_o_R_ce0          |  out|    1|   ap_memory|                       buf_o_R|         array|
|buf_o_R_we0          |  out|    1|   ap_memory|                       buf_o_R|         array|
|buf_o_R_d0           |  out|   32|   ap_memory|                       buf_o_R|         array|
|buf_o_R_address1     |  out|    9|   ap_memory|                       buf_o_R|         array|
|buf_o_R_ce1          |  out|    1|   ap_memory|                       buf_o_R|         array|
|buf_o_R_we1          |  out|    1|   ap_memory|                       buf_o_R|         array|
|buf_o_R_d1           |  out|   32|   ap_memory|                       buf_o_R|         array|
|Stage9_R_address0    |  out|    9|   ap_memory|                      Stage9_R|         array|
|Stage9_R_ce0         |  out|    1|   ap_memory|                      Stage9_R|         array|
|Stage9_R_q0          |   in|   32|   ap_memory|                      Stage9_R|         array|
|Stage9_R_address1    |  out|    9|   ap_memory|                      Stage9_R|         array|
|Stage9_R_ce1         |  out|    1|   ap_memory|                      Stage9_R|         array|
|Stage9_R_q1          |   in|   32|   ap_memory|                      Stage9_R|         array|
|Stage9_R_1_address0  |  out|    9|   ap_memory|                    Stage9_R_1|         array|
|Stage9_R_1_ce0       |  out|    1|   ap_memory|                    Stage9_R_1|         array|
|Stage9_R_1_q0        |   in|   32|   ap_memory|                    Stage9_R_1|         array|
|Stage9_R_1_address1  |  out|    9|   ap_memory|                    Stage9_R_1|         array|
|Stage9_R_1_ce1       |  out|    1|   ap_memory|                    Stage9_R_1|         array|
|Stage9_R_1_q1        |   in|   32|   ap_memory|                    Stage9_R_1|         array|
|Stage9_I_address0    |  out|    9|   ap_memory|                      Stage9_I|         array|
|Stage9_I_ce0         |  out|    1|   ap_memory|                      Stage9_I|         array|
|Stage9_I_q0          |   in|   32|   ap_memory|                      Stage9_I|         array|
|Stage9_I_address1    |  out|    9|   ap_memory|                      Stage9_I|         array|
|Stage9_I_ce1         |  out|    1|   ap_memory|                      Stage9_I|         array|
|Stage9_I_q1          |   in|   32|   ap_memory|                      Stage9_I|         array|
|Stage9_I_1_address0  |  out|    9|   ap_memory|                    Stage9_I_1|         array|
|Stage9_I_1_ce0       |  out|    1|   ap_memory|                    Stage9_I_1|         array|
|Stage9_I_1_q0        |   in|   32|   ap_memory|                    Stage9_I_1|         array|
|Stage9_I_1_address1  |  out|    9|   ap_memory|                    Stage9_I_1|         array|
|Stage9_I_1_ce1       |  out|    1|   ap_memory|                    Stage9_I_1|         array|
|Stage9_I_1_q1        |   in|   32|   ap_memory|                    Stage9_I_1|         array|
|W_real_address0      |  out|    9|   ap_memory|                        W_real|         array|
|W_real_ce0           |  out|    1|   ap_memory|                        W_real|         array|
|W_real_q0            |   in|   32|   ap_memory|                        W_real|         array|
|W_imag_address0      |  out|    9|   ap_memory|                        W_imag|         array|
|W_imag_ce0           |  out|    1|   ap_memory|                        W_imag|         array|
|W_imag_q0            |   in|   32|   ap_memory|                        W_imag|         array|
+---------------------+-----+-----+------------+------------------------------+--------------+

