

================================================================
== Vitis HLS Report for 'dft'
================================================================
* Date:           Thu Nov  7 00:21:08 2024

* Version:        2022.2 (Build 3670227 on Oct 13 2022)
* Project:        hls
* Solution:       solution1 (Vivado IP Flow Target)
* Product family: zynq
* Target device:  xc7z020-clg400-1


================================================================
== Performance Estimates
================================================================
+ Timing: 
    * Summary: 
    +--------+----------+----------+------------+
    |  Clock |  Target  | Estimated| Uncertainty|
    +--------+----------+----------+------------+
    |ap_clk  |  10.00 ns|  7.256 ns|     2.70 ns|
    +--------+----------+----------+------------+

+ Latency: 
    * Summary: 
    +---------+---------+----------+----------+--------+--------+---------+
    |  Latency (cycles) |  Latency (absolute) |     Interval    | Pipeline|
    |   min   |   max   |    min   |    max   |   min  |   max  |   Type  |
    +---------+---------+----------+----------+--------+--------+---------+
    |   393232|   393232|  3.932 ms|  3.932 ms|  393233|  393233|       no|
    +---------+---------+----------+----------+--------+--------+---------+

    + Detail: 
        * Instance: 
        N/A

        * Loop: 
        +----------------------------------+---------+---------+----------+-----------+-----------+-------+----------+
        |                                  |  Latency (cycles) | Iteration|  Initiation Interval  |  Trip |          |
        |             Loop Name            |   min   |   max   |  Latency |  achieved |   target  | Count | Pipelined|
        +----------------------------------+---------+---------+----------+-----------+-----------+-------+----------+
        |- VITIS_LOOP_9_1_VITIS_LOOP_13_2  |   393230|   393230|        21|          6|          1|  65536|       yes|
        +----------------------------------+---------+---------+----------+-----------+-----------+-------+----------+



================================================================
== Utilization Estimates
================================================================
* Summary: 
+-----------------+---------+-----+--------+-------+-----+
|       Name      | BRAM_18K| DSP |   FF   |  LUT  | URAM|
+-----------------+---------+-----+--------+-------+-----+
|DSP              |        -|    -|       -|      -|    -|
|Expression       |        -|    -|       0|    177|    -|
|FIFO             |        -|    -|       -|      -|    -|
|Instance         |        -|    5|     348|    752|    -|
|Memory           |        2|    -|       0|      0|    -|
|Multiplexer      |        -|    -|       -|    284|    -|
|Register         |        -|    -|     854|    128|    -|
+-----------------+---------+-----+--------+-------+-----+
|Total            |        2|    5|    1202|   1341|    0|
+-----------------+---------+-----+--------+-------+-----+
|Available        |      280|  220|  106400|  53200|    0|
+-----------------+---------+-----+--------+-------+-----+
|Utilization (%)  |       ~0|    2|       1|      2|    0|
+-----------------+---------+-----+--------+-------+-----+

+ Detail: 
    * Instance: 
    +---------------------------------------+------------------------------------+---------+----+-----+-----+-----+
    |                Instance               |               Module               | BRAM_18K| DSP|  FF | LUT | URAM|
    +---------------------------------------+------------------------------------+---------+----+-----+-----+-----+
    |faddfsub_32ns_32ns_32_5_full_dsp_1_U1  |faddfsub_32ns_32ns_32_5_full_dsp_1  |        0|   2|  205|  390|    0|
    |fmul_32ns_32ns_32_4_max_dsp_1_U2       |fmul_32ns_32ns_32_4_max_dsp_1       |        0|   3|  143|  321|    0|
    |mul_8s_8s_8_1_1_U3                     |mul_8s_8s_8_1_1                     |        0|   0|    0|   41|    0|
    +---------------------------------------+------------------------------------+---------+----+-----+-----+-----+
    |Total                                  |                                    |        0|   5|  348|  752|    0|
    +---------------------------------------+------------------------------------+---------+----+-----+-----+-----+

    * DSP: 
    N/A

    * Memory: 
    +--------------------------+------------------------------------+---------+---+----+-----+------+-----+------+-------------+
    |          Memory          |               Module               | BRAM_18K| FF| LUT| URAM| Words| Bits| Banks| W*Bits*Banks|
    +--------------------------+------------------------------------+---------+---+----+-----+------+-----+------+-------------+
    |cos_coefficients_table_U  |cos_coefficients_table_ROM_AUTO_1R  |        1|  0|   0|    0|   256|   32|     1|         8192|
    |sin_coefficients_table_U  |sin_coefficients_table_ROM_AUTO_1R  |        1|  0|   0|    0|   256|   32|     1|         8192|
    +--------------------------+------------------------------------+---------+---+----+-----+------+-----+------+-------------+
    |Total                     |                                    |        2|  0|   0|    0|   512|   64|     2|        16384|
    +--------------------------+------------------------------------+---------+---+----+-----+------+-----+------+-------------+

    * FIFO: 
    N/A

    * Expression: 
    +------------------------+----------+----+---+----+------------+------------+
    |      Variable Name     | Operation| DSP| FF| LUT| Bitwidth P0| Bitwidth P1|
    +------------------------+----------+----+---+----+------------+------------+
    |add_ln13_fu_293_p2      |         +|   0|  0|  14|           9|           1|
    |add_ln9_1_fu_236_p2     |         +|   0|  0|  14|           9|           1|
    |add_ln9_fu_210_p2       |         +|   0|  0|  24|          17|           1|
    |ap_condition_234        |       and|   0|  0|   2|           1|           1|
    |ap_condition_298        |       and|   0|  0|   2|           1|           1|
    |ap_condition_525        |       and|   0|  0|   2|           1|           1|
    |icmp_ln13_fu_222_p2     |      icmp|   0|  0|  11|           9|          10|
    |icmp_ln9_fu_204_p2      |      icmp|   0|  0|  13|          17|          18|
    |ifzero_fu_298_p2        |      icmp|   0|  0|  11|           9|          10|
    |select_ln9_1_fu_322_p3  |    select|   0|  0|  32|           1|           1|
    |select_ln9_2_fu_312_p3  |    select|   0|  0|  32|           1|           1|
    |select_ln9_3_fu_242_p3  |    select|   0|  0|   9|           1|           9|
    |select_ln9_fu_228_p3    |    select|   0|  0|   9|           1|           1|
    |ap_enable_pp0           |       xor|   0|  0|   2|           1|           2|
    +------------------------+----------+----+---+----+------------+------------+
    |Total                   |          |   0|  0| 177|          78|          58|
    +------------------------+----------+----+---+----+------------+------------+

    * Multiplexer: 
    +--------------------------------------+----+-----------+-----+-----------+
    |                 Name                 | LUT| Input Size| Bits| Total Bits|
    +--------------------------------------+----+-----------+-----+-----------+
    |ap_NS_fsm                             |  37|          7|    1|          7|
    |ap_done_int                           |   9|          2|    1|          2|
    |ap_enable_reg_pp0_iter0               |   9|          2|    1|          2|
    |ap_enable_reg_pp0_iter1               |   9|          2|    1|          2|
    |ap_enable_reg_pp0_iter3               |   9|          2|    1|          2|
    |ap_loop_exit_ready_pp0_iter1_reg      |   9|          2|    1|          2|
    |ap_loop_exit_ready_pp0_iter2_reg      |   9|          2|    1|          2|
    |ap_sig_allocacmp_i_load               |   9|          2|    9|         18|
    |ap_sig_allocacmp_indvar_flatten_load  |   9|          2|   17|         34|
    |ap_sig_allocacmp_j_load               |   9|          2|    9|         18|
    |ap_sig_allocacmp_temp_imag_load       |   9|          2|   32|         64|
    |ap_sig_allocacmp_temp_real_load       |   9|          2|   32|         64|
    |grp_fu_158_opcode                     |  14|          3|    2|          6|
    |grp_fu_158_p0                         |  25|          5|   32|        160|
    |grp_fu_158_p1                         |  25|          5|   32|        160|
    |grp_fu_162_p0                         |  25|          5|   32|        160|
    |grp_fu_162_p1                         |  14|          3|   32|         96|
    |i_fu_72                               |   9|          2|    9|         18|
    |indvar_flatten_fu_76                  |   9|          2|   17|         34|
    |j_fu_68                               |   9|          2|    9|         18|
    |temp_imag_fu_64                       |   9|          2|   32|         64|
    |temp_real_fu_60                       |   9|          2|   32|         64|
    +--------------------------------------+----+-----------+-----+-----------+
    |Total                                 | 284|         60|  335|        997|
    +--------------------------------------+----+-----------+-----+-----------+

    * Register: 
    +----------------------------------+----+----+-----+-----------+
    |               Name               | FF | LUT| Bits| Const Bits|
    +----------------------------------+----+----+-----+-----------+
    |ap_CS_fsm                         |   6|   0|    6|          0|
    |ap_done_reg                       |   1|   0|    1|          0|
    |ap_enable_reg_pp0_iter0_reg       |   1|   0|    1|          0|
    |ap_enable_reg_pp0_iter1           |   1|   0|    1|          0|
    |ap_enable_reg_pp0_iter2           |   1|   0|    1|          0|
    |ap_enable_reg_pp0_iter3           |   1|   0|    1|          0|
    |ap_loop_exit_ready_pp0_iter1_reg  |   1|   0|    1|          0|
    |ap_loop_exit_ready_pp0_iter2_reg  |   1|   0|    1|          0|
    |bitcast_ln21_1_reg_458            |  32|   0|   32|          0|
    |bitcast_ln21_reg_453              |  32|   0|   32|          0|
    |cos_reg_443                       |  32|   0|   32|          0|
    |i_fu_72                           |   9|   0|    9|          0|
    |icmp_ln13_reg_392                 |   1|   0|    1|          0|
    |icmp_ln9_reg_388                  |   1|   0|    1|          0|
    |ifzero_reg_463                    |   1|   0|    1|          0|
    |imag_sample_load_reg_438          |  32|   0|   32|          0|
    |index_reg_408                     |   8|   0|    8|          0|
    |indvar_flatten_fu_76              |  17|   0|   17|          0|
    |j_fu_68                           |   9|   0|    9|          0|
    |mul1_reg_477                      |  32|   0|   32|          0|
    |mul2_reg_482                      |  32|   0|   32|          0|
    |mul8_reg_467                      |  32|   0|   32|          0|
    |mul_reg_472                       |  32|   0|   32|          0|
    |real_sample_load_reg_433          |  32|   0|   32|          0|
    |reg_166                           |  32|   0|   32|          0|
    |reg_171                           |  32|   0|   32|          0|
    |select_ln9_1_reg_492              |  32|   0|   32|          0|
    |select_ln9_2_reg_487              |  32|   0|   32|          0|
    |select_ln9_3_reg_403              |   9|   0|    9|          0|
    |select_ln9_reg_398                |   9|   0|    9|          0|
    |sin_reg_448                       |  32|   0|   32|          0|
    |temp_imag_fu_64                   |  32|   0|   32|          0|
    |temp_real_fu_60                   |  32|   0|   32|          0|
    |zext_ln9_reg_497                  |   9|   0|   64|         55|
    |icmp_ln13_reg_392                 |  64|  32|    1|          0|
    |icmp_ln9_reg_388                  |  64|  32|    1|          0|
    |ifzero_reg_463                    |  64|  32|    1|          0|
    |select_ln9_3_reg_403              |  64|  32|    9|          0|
    +----------------------------------+----+----+-----+-----------+
    |Total                             | 854| 128|  665|         55|
    +----------------------------------+----+----+-----+-----------+



================================================================
== Interface
================================================================
* Summary: 
+----------------------+-----+-----+------------+--------------+--------------+
|       RTL Ports      | Dir | Bits|  Protocol  | Source Object|    C Type    |
+----------------------+-----+-----+------------+--------------+--------------+
|ap_clk                |   in|    1|  ap_ctrl_hs|           dft|  return value|
|ap_rst                |   in|    1|  ap_ctrl_hs|           dft|  return value|
|ap_start              |   in|    1|  ap_ctrl_hs|           dft|  return value|
|ap_done               |  out|    1|  ap_ctrl_hs|           dft|  return value|
|ap_idle               |  out|    1|  ap_ctrl_hs|           dft|  return value|
|ap_ready              |  out|    1|  ap_ctrl_hs|           dft|  return value|
|real_sample_address0  |  out|    8|   ap_memory|   real_sample|         array|
|real_sample_ce0       |  out|    1|   ap_memory|   real_sample|         array|
|real_sample_q0        |   in|   32|   ap_memory|   real_sample|         array|
|imag_sample_address0  |  out|    8|   ap_memory|   imag_sample|         array|
|imag_sample_ce0       |  out|    1|   ap_memory|   imag_sample|         array|
|imag_sample_q0        |   in|   32|   ap_memory|   imag_sample|         array|
|real_out_address0     |  out|    8|   ap_memory|      real_out|         array|
|real_out_ce0          |  out|    1|   ap_memory|      real_out|         array|
|real_out_we0          |  out|    1|   ap_memory|      real_out|         array|
|real_out_d0           |  out|   32|   ap_memory|      real_out|         array|
|imag_out_address0     |  out|    8|   ap_memory|      imag_out|         array|
|imag_out_ce0          |  out|    1|   ap_memory|      imag_out|         array|
|imag_out_we0          |  out|    1|   ap_memory|      imag_out|         array|
|imag_out_d0           |  out|   32|   ap_memory|      imag_out|         array|
+----------------------+-----+-----+------------+--------------+--------------+

